
> standard-api-standard@0.1.0 typecheck C:\Users\resper\OneDrive\├ürea de Trabalho\aegis-api
> pnpm -r --if-present typecheck

Scope: 21 of 22 workspace projects
packages/email typecheck$ tsc --noEmit
packages/schemas typecheck$ tsc --noEmit
packages/email typecheck: Done
packages/schemas typecheck: Done
packages/agent-runtime typecheck$ tsc --noEmit
packages/assessment-engine typecheck$ tsc --noEmit
packages/auth typecheck$ tsc --noEmit
packages/document-ingestion typecheck$ tsc --noEmit
packages/assessment-engine typecheck: Done
packages/observability typecheck$ tsc --noEmit
packages/document-ingestion typecheck: Done
packages/scf-core typecheck$ tsc --noEmit
packages/agent-runtime typecheck: Done
packages/sdk typecheck$ tsc --noEmit
packages/observability typecheck: Done
packages/auth typecheck: Done
packages/sdk typecheck: Done
packages/scf-core typecheck: Done
packages/kb typecheck$ tsc --noEmit
packages/security typecheck$ tsc --noEmit
workers/workflows typecheck$ tsc --noEmit
workers/workflows typecheck: Done
packages/security typecheck: Done
packages/kb typecheck: Done
workers/ingestion typecheck$ tsc --noEmit
packages/soa typecheck$ tsc --noEmit
workers/queues typecheck$ tsc --noEmit
workers/ingestion typecheck: Done
packages/soa typecheck: Done
workers/queues typecheck: Done
packages/gap-analysis typecheck$ tsc --noEmit
packages/gap-analysis typecheck: Done
packages/maturity typecheck$ tsc --noEmit
packages/poam typecheck$ tsc --noEmit
packages/maturity typecheck: Done
packages/poam typecheck: Done
packages/reporting typecheck$ tsc --noEmit
packages/reporting typecheck: Done
apps/api-gateway typecheck$ tsc --noEmit
apps/api-gateway typecheck: Done
